[2025-07-24 01:07:58] Found C:\Users\KIM\blue_archive_reward_test\images\bluepy.png at coordinates: (1268, 60)
[2025-07-24 01:07:58] 청휘석 수치 추출됨: 3242
[2025-07-24 01:07:58] Clicked image: C:\Users\KIM\blue_archive_reward_test\images\momo_button.png
[2025-07-24 01:08:01] Clicked image: C:\Users\KIM\blue_archive_reward_test\images\messages.png
[2025-07-24 01:08:05] Clicked image: C:\Users\KIM\blue_archive_reward_test\images\blank.png
[2025-07-24 01:08:07] Image not found (low confidence): C:\Users\KIM\blue_archive_reward_test\images\pink_dialogue.png | confidence: 0.9409844875335693
[2025-07-24 01:08:07] Found C:\Users\KIM\blue_archive_reward_test\images\dialogue_selection.png at coordinates: (1627, 858)
[2025-07-24 01:08:07] Clicked dialogue_selection
[2025-07-24 01:08:10] Image not found (low confidence): C:\Users\KIM\blue_archive_reward_test\images\pink_dialogue.png | confidence: 0.9417294859886169
[2025-07-24 01:08:10] Image not found (low confidence): C:\Users\KIM\blue_archive_reward_test\images\dialogue_selection.png | confidence: 0.8278021812438965
[2025-07-24 01:08:10] dialogue_selection not found
[2025-07-24 01:08:13] Found C:\Users\KIM\blue_archive_reward_test\images\pink_dialogue.png at coordinates: (1652, 871)
[2025-07-24 01:08:14] Clicked image: C:\Users\KIM\blue_archive_reward_test\images\pink_dialogue.png
[2025-07-24 01:08:16] Clicked image: C:\Users\KIM\blue_archive_reward_test\images\event.png
[2025-07-24 01:08:21] Clicked image: C:\Users\KIM\blue_archive_reward_test\images\menu.png
[2025-07-24 01:08:23] Image not found (low confidence): C:\Users\KIM\blue_archive_reward_test\images\event_skip.png | confidence: 0.5131908655166626
[2025-07-24 01:08:23] Clicked image: C:\Users\KIM\blue_archive_reward_test\images\menu.png
[2025-07-24 01:08:25] Clicked image: C:\Users\KIM\blue_archive_reward_test\images\event_skip.png
[2025-07-24 01:08:27] Found C:\Users\KIM\blue_archive_reward_test\images\ok.png at coordinates: (1232, 763)
[2025-07-24 01:08:27] Clicked image: C:\Users\KIM\blue_archive_reward_test\images\ok.png
[2025-07-24 01:08:32] Found C:\Users\KIM\blue_archive_reward_test\images\reward.png at coordinates: (879, 462)
[2025-07-24 01:08:33] 보상 수치 추출됨: 80
[2025-07-24 01:08:33] Found C:\Users\KIM\blue_archive_reward_test\images\continue.png at coordinates: (1218, 144)
[2025-07-24 01:08:33] Clicked image: C:\Users\KIM\blue_archive_reward_test\images\continue.png
[2025-07-24 01:08:36] Found C:\Users\KIM\blue_archive_reward_test\images\bluepy.png at coordinates: (1268, 60)
[2025-07-24 01:08:36] 청휘석 수치 추출됨: 3322
[2025-07-24 01:08:42] Image not found (low confidence): C:\Users\KIM\blue_archive_reward_test\images\dialogue_selection.png | confidence: 0.827806293964386
[2025-07-24 01:08:42] dialogue_selection not found after 5 seconds, attempt 1, skipping to next attempt.
[2025-07-24 01:08:47] Image not found (low confidence): C:\Users\KIM\blue_archive_reward_test\images\dialogue_selection.png | confidence: 0.8278698921203613
[2025-07-24 01:08:47] dialogue_selection not found after 5 seconds, attempt 2
[2025-07-24 01:08:52] Image not found (low confidence): C:\Users\KIM\blue_archive_reward_test\images\dialogue_selection.png | confidence: 0.8279237747192383
[2025-07-24 01:08:52] dialogue_selection not found after 5 seconds, attempt 3
[2025-07-24 01:08:52] dialogue_selection not found after 3 attempts, continuing with the test.
[2025-07-24 01:08:52] Clicked image: C:\Users\KIM\blue_archive_reward_test\images\momo_close.png
[2025-07-24 01:08:55] Found C:\Users\KIM\blue_archive_reward_test\images\bluepy.png at coordinates: (1268, 60)
[2025-07-24 01:08:55] 청휘석 수치 추출됨: 3322
[2025-07-24 01:08:55] Clicked image: C:\Users\KIM\blue_archive_reward_test\images\momo_button.png
[2025-07-24 01:08:59] Clicked image: C:\Users\KIM\blue_archive_reward_test\images\messages.png
[2025-07-24 01:09:02] Clicked image: C:\Users\KIM\blue_archive_reward_test\images\blank.png
[2025-07-24 01:09:04] Image not found (low confidence): C:\Users\KIM\blue_archive_reward_test\images\pink_dialogue.png | confidence: 0.9417977929115295
[2025-07-24 01:09:04] Found C:\Users\KIM\blue_archive_reward_test\images\dialogue_selection.png at coordinates: (1627, 794)
[2025-07-24 01:09:04] Clicked dialogue_selection
[2025-07-24 01:09:07] Image not found (low confidence): C:\Users\KIM\blue_archive_reward_test\images\pink_dialogue.png | confidence: 0.9417977929115295
[2025-07-24 01:09:07] Image not found (low confidence): C:\Users\KIM\blue_archive_reward_test\images\dialogue_selection.png | confidence: 0.8278644680976868
[2025-07-24 01:09:07] dialogue_selection not found
[2025-07-24 01:09:11] Image not found (low confidence): C:\Users\KIM\blue_archive_reward_test\images\pink_dialogue.png | confidence: 0.9417811036109924
[2025-07-24 01:09:11] Image not found (low confidence): C:\Users\KIM\blue_archive_reward_test\images\dialogue_selection.png | confidence: 0.8277994990348816
[2025-07-24 01:09:11] dialogue_selection not found
[2025-07-24 01:09:14] Image not found (low confidence): C:\Users\KIM\blue_archive_reward_test\images\pink_dialogue.png | confidence: 0.9412950873374939
[2025-07-24 01:09:14] Image not found (low confidence): C:\Users\KIM\blue_archive_reward_test\images\dialogue_selection.png | confidence: 0.8137499094009399
[2025-07-24 01:09:14] dialogue_selection not found
[2025-07-24 01:09:17] Image not found (low confidence): C:\Users\KIM\blue_archive_reward_test\images\pink_dialogue.png | confidence: 0.9415040612220764
[2025-07-24 01:09:17] Image not found (low confidence): C:\Users\KIM\blue_archive_reward_test\images\dialogue_selection.png | confidence: 0.8278709053993225
[2025-07-24 01:09:17] dialogue_selection not found
[2025-07-24 01:09:20] Image not found (low confidence): C:\Users\KIM\blue_archive_reward_test\images\pink_dialogue.png | confidence: 0.9415040612220764
[2025-07-24 01:09:20] Image not found (low confidence): C:\Users\KIM\blue_archive_reward_test\images\dialogue_selection.png | confidence: 0.827890932559967
[2025-07-24 01:09:20] dialogue_selection not found
[2025-07-24 01:09:23] Found C:\Users\KIM\blue_archive_reward_test\images\pink_dialogue.png at coordinates: (1652, 871)
[2025-07-24 01:09:23] Clicked image: C:\Users\KIM\blue_archive_reward_test\images\pink_dialogue.png
[2025-07-24 01:09:26] Clicked image: C:\Users\KIM\blue_archive_reward_test\images\event.png
[2025-07-24 01:09:31] Clicked image: C:\Users\KIM\blue_archive_reward_test\images\menu.png
[2025-07-24 01:09:33] Image not found (low confidence): C:\Users\KIM\blue_archive_reward_test\images\event_skip.png | confidence: 0.5077565312385559
[2025-07-24 01:09:33] Clicked image: C:\Users\KIM\blue_archive_reward_test\images\menu.png
[2025-07-24 01:09:34] Clicked image: C:\Users\KIM\blue_archive_reward_test\images\event_skip.png
[2025-07-24 01:09:37] Found C:\Users\KIM\blue_archive_reward_test\images\ok.png at coordinates: (1232, 763)
[2025-07-24 01:09:37] Clicked image: C:\Users\KIM\blue_archive_reward_test\images\ok.png
[2025-07-24 01:09:42] Found C:\Users\KIM\blue_archive_reward_test\images\reward.png at coordinates: (879, 462)
[2025-07-24 01:09:43] 보상 수치 추출됨: 40
[2025-07-24 01:09:43] Found C:\Users\KIM\blue_archive_reward_test\images\continue.png at coordinates: (1217, 144)
[2025-07-24 01:09:43] Clicked image: C:\Users\KIM\blue_archive_reward_test\images\continue.png
[2025-07-24 01:09:45] Found C:\Users\KIM\blue_archive_reward_test\images\bluepy.png at coordinates: (1268, 60)
[2025-07-24 01:09:45] 청휘석 수치 추출됨: 3362
[2025-07-24 01:09:51] Found C:\Users\KIM\blue_archive_reward_test\images\dialogue_selection.png at coordinates: (1627, 830)
[2025-07-24 01:09:52] Clicked dialogue_selection after waiting 5 seconds, attempt 1
[2025-07-24 01:10:02] Image not found (low confidence): C:\Users\KIM\blue_archive_reward_test\images\dialogue_selection.png | confidence: 0.8279264569282532
[2025-07-24 01:10:02] dialogue_selection not found after 5 seconds, attempt 2
[2025-07-24 01:10:07] Image not found (low confidence): C:\Users\KIM\blue_archive_reward_test\images\dialogue_selection.png | confidence: 0.8279961347579956
[2025-07-24 01:10:07] dialogue_selection not found after 5 seconds, attempt 3
[2025-07-24 01:10:07] dialogue_selection not found after 3 attempts, continuing with the test.
[2025-07-24 01:10:07] Clicked image: C:\Users\KIM\blue_archive_reward_test\images\momo_close.png
[2025-07-24 01:10:10] Found C:\Users\KIM\blue_archive_reward_test\images\bluepy.png at coordinates: (1268, 60)
[2025-07-24 01:10:10] 청휘석 수치 추출됨: 3362
[2025-07-24 01:10:10] Clicked image: C:\Users\KIM\blue_archive_reward_test\images\momo_button.png
[2025-07-24 01:10:14] Clicked image: C:\Users\KIM\blue_archive_reward_test\images\messages.png
[2025-07-24 01:10:17] Clicked image: C:\Users\KIM\blue_archive_reward_test\images\blank.png
[2025-07-24 01:10:19] Image not found (low confidence): C:\Users\KIM\blue_archive_reward_test\images\pink_dialogue.png | confidence: 0.9418086409568787
[2025-07-24 01:10:19] Found C:\Users\KIM\blue_archive_reward_test\images\dialogue_selection.png at coordinates: (1627, 658)
[2025-07-24 01:10:19] Clicked dialogue_selection
[2025-07-24 01:10:22] Image not found (low confidence): C:\Users\KIM\blue_archive_reward_test\images\pink_dialogue.png | confidence: 0.9418086409568787
[2025-07-24 01:10:22] Image not found (low confidence): C:\Users\KIM\blue_archive_reward_test\images\dialogue_selection.png | confidence: 0.8277937173843384
[2025-07-24 01:10:22] dialogue_selection not found
[2025-07-24 01:10:25] Image not found (low confidence): C:\Users\KIM\blue_archive_reward_test\images\pink_dialogue.png | confidence: 0.9388173818588257
[2025-07-24 01:10:25] Image not found (low confidence): C:\Users\KIM\blue_archive_reward_test\images\dialogue_selection.png | confidence: 0.8278704881668091
[2025-07-24 01:10:25] dialogue_selection not found
[2025-07-24 01:10:29] Found C:\Users\KIM\blue_archive_reward_test\images\pink_dialogue.png at coordinates: (1652, 871)
[2025-07-24 01:10:29] Clicked image: C:\Users\KIM\blue_archive_reward_test\images\pink_dialogue.png
[2025-07-24 01:10:31] Clicked image: C:\Users\KIM\blue_archive_reward_test\images\event.png
[2025-07-24 01:10:36] Clicked image: C:\Users\KIM\blue_archive_reward_test\images\menu.png
[2025-07-24 01:10:38] Image not found (low confidence): C:\Users\KIM\blue_archive_reward_test\images\event_skip.png | confidence: 0.6049213409423828
[2025-07-24 01:10:39] Clicked image: C:\Users\KIM\blue_archive_reward_test\images\menu.png
[2025-07-24 01:10:40] Image not found (low confidence): C:\Users\KIM\blue_archive_reward_test\images\event_skip.png | confidence: 0.6049213409423828
[2025-07-24 01:10:42] Image not found (low confidence): C:\Users\KIM\blue_archive_reward_test\images\ok.png | confidence: 0.6267877817153931
[2025-07-24 01:10:42] Clicked image: C:\Users\KIM\blue_archive_reward_test\images\menu.png
[2025-07-24 01:10:43] Image not found (low confidence): C:\Users\KIM\blue_archive_reward_test\images\event_skip.png | confidence: 0.6049213409423828
[2025-07-24 01:10:45] Image not found (low confidence): C:\Users\KIM\blue_archive_reward_test\images\ok.png | confidence: 0.6036031246185303
[2025-07-24 01:10:45] Clicked image: C:\Users\KIM\blue_archive_reward_test\images\menu.png
[2025-07-24 01:10:47] Clicked image: C:\Users\KIM\blue_archive_reward_test\images\event_skip.png
[2025-07-24 01:10:49] Found C:\Users\KIM\blue_archive_reward_test\images\ok.png at coordinates: (1232, 763)
[2025-07-24 01:10:49] Clicked image: C:\Users\KIM\blue_archive_reward_test\images\ok.png
[2025-07-24 01:10:54] Found C:\Users\KIM\blue_archive_reward_test\images\reward.png at coordinates: (879, 462)
[2025-07-24 01:10:55] 보상 수치 추출됨: 60
[2025-07-24 01:10:55] Found C:\Users\KIM\blue_archive_reward_test\images\continue.png at coordinates: (1219, 144)
[2025-07-24 01:10:56] Clicked image: C:\Users\KIM\blue_archive_reward_test\images\continue.png
[2025-07-24 01:10:58] Found C:\Users\KIM\blue_archive_reward_test\images\bluepy.png at coordinates: (1268, 60)
[2025-07-24 01:10:58] 청휘석 수치 추출됨: 3422
[2025-07-24 01:11:04] Found C:\Users\KIM\blue_archive_reward_test\images\dialogue_selection.png at coordinates: (1627, 646)
[2025-07-24 01:11:04] Clicked dialogue_selection after waiting 5 seconds, attempt 1
[2025-07-24 01:11:14] Image not found (low confidence): C:\Users\KIM\blue_archive_reward_test\images\dialogue_selection.png | confidence: 0.8279237747192383
[2025-07-24 01:11:14] dialogue_selection not found after 5 seconds, attempt 2
[2025-07-24 01:11:19] Image not found (low confidence): C:\Users\KIM\blue_archive_reward_test\images\dialogue_selection.png | confidence: 0.8279934525489807
[2025-07-24 01:11:19] dialogue_selection not found after 5 seconds, attempt 3
[2025-07-24 01:11:19] dialogue_selection not found after 3 attempts, continuing with the test.
[2025-07-24 01:11:19] Clicked image: C:\Users\KIM\blue_archive_reward_test\images\momo_close.png
